******************************************************************************
                  TI ARM Linker PC v5.2.5                      
******************************************************************************
>> Linked Wed Aug 10 09:25:40 2016

OUTPUT FILE NAME:   <09_Hardware_PWM_LP.out>
ENTRY POINT SYMBOL: "_c_int00"  address: 000006fd


MEMORY CONFIGURATION

         name            origin    length      used     unused   attr    fill
----------------------  --------  ---------  --------  --------  ----  --------
  FLASH                 00000000   00040000  00000a1e  0003f5e2  R  X
  SRAM                  20000000   00008000  00000214  00007dec  RW X


SEGMENT ALLOCATION MAP

run origin  load origin   length   init length attrs members
----------  ----------- ---------- ----------- ----- -------
00000000    00000000    00000a20   00000a20    r-x
  00000000    00000000    0000026c   0000026c    r-- .intvecs
  0000026c    0000026c    00000702   00000702    r-x .text
  00000970    00000970    00000090   00000090    r-- .const
  00000a00    00000a00    00000020   00000020    r-- .cinit
20000000    20000000    00000214   00000000    rw-
  20000000    20000000    00000200   00000000    rw- .stack
  20000200    20000200    00000014   00000000    rw- .data


SECTION ALLOCATION MAP

 output                                  attributes/
section   page    origin      length       input sections
--------  ----  ----------  ----------   ----------------
.intvecs   0    00000000    0000026c     
                  00000000    0000026c     tm4c123gh6pm_startup_ccs.obj (.intvecs)

.text      0    0000026c    00000702     
                  0000026c    00000130     driverlib.lib : gpio.obj (.text:GPIOPadConfigSet)
                  0000039c    000000f0                   : sysctl.obj (.text:SysCtlClockSet)
                  0000048c    0000009c     rtsv7M4_T_le_v4SPD16_eabi.lib : memcpy_t2.obj (.text)
                  00000528    00000080     main.obj (.text)
                  000005a8    0000007a     rtsv7M4_T_le_v4SPD16_eabi.lib : memset_t2.obj (.text)
                  00000622    00000002     --HOLE-- [fill = 0]
                  00000624    0000006c                                   : autoinit.obj (.text)
                  00000690    0000006a                                   : copy_decompress_rle.obj (.text)
                  000006fa    00000002     --HOLE-- [fill = 0]
                  000006fc    00000050                                   : boot.obj (.text)
                  0000074c    0000004c                                   : cpy_tbl.obj (.text)
                  00000798    00000048     driverlib.lib : gpio.obj (.text:GPIOPinConfigure)
                  000007e0    00000044     rtsv7M4_T_le_v4SPD16_eabi.lib : exit.obj (.text)
                  00000824    00000034     driverlib.lib : sysctl.obj (.text:SysCtlPeripheralEnable)
                  00000858    0000002a                   : gpio.obj (.text:GPIODirModeSet)
                  00000882    00000022                   : pwm.obj (.text:PWMGenConfigure)
                  000008a4    0000001e                   : pwm.obj (.text:PWMPulseWidthSet)
                  000008c2    00000002     --HOLE-- [fill = 0]
                  000008c4    00000018     rtsv7M4_T_le_v4SPD16_eabi.lib : args_main.obj (.text)
                  000008dc    00000014     driverlib.lib : sysctl.obj (.text:SysCtlPWMClockSet)
                  000008f0    00000014     rtsv7M4_T_le_v4SPD16_eabi.lib : _lock.obj (.text)
                  00000904    00000012     driverlib.lib : gpio.obj (.text:GPIOPinTypePWM)
                  00000916    00000012                   : pwm.obj (.text:PWMOutputState)
                  00000928    00000010                   : pwm.obj (.text:PWMGenPeriodSet)
                  00000938    0000000e     rtsv7M4_T_le_v4SPD16_eabi.lib : copy_decompress_none.obj (.text:decompress:none)
                  00000946    0000000c     driverlib.lib : pwm.obj (.text:PWMGenEnable)
                  00000952    0000000c     tm4c123gh6pm_startup_ccs.obj (.text)
                  0000095e    00000006     driverlib.lib : sysctl.obj (.text:SysCtlDelay)
                  00000964    00000006     rtsv7M4_T_le_v4SPD16_eabi.lib : copy_decompress_rle.obj (.text:decompress:rle24)
                  0000096a    00000004                                   : pre_init.obj (.text)

.const     0    00000970    00000090     
                  00000970    00000090     driverlib.lib : gpio.obj (.const:g_pui32GPIOBaseAddrs)

.cinit     0    00000a00    00000020     
                  00000a00    0000000f     (.cinit..data.load) [load image, compression = rle]
                  00000a0f    00000001     --HOLE-- [fill = 0]
                  00000a10    00000008     (__TI_handler_table)
                  00000a18    00000008     (__TI_cinit_table)

.init_array 
*          0    00000000    00000000     UNINITIALIZED

.stack     0    20000000    00000200     UNINITIALIZED
                  20000000    00000200     --HOLE--

.data      0    20000200    00000014     UNINITIALIZED
                  20000200    00000008     rtsv7M4_T_le_v4SPD16_eabi.lib : _lock.obj (.data)
                  20000208    00000008                                   : exit.obj (.data)
                  20000210    00000004                                   : stkdepth_vars.obj (.data)

.TI.persistent 
*          0    20000200    00000000     UNINITIALIZED


LINKER GENERATED COPY TABLES

__TI_cinit_table @ 00000a18 records: 1, size/record: 8, table size: 8
	.data: load addr=00000a00, load size=0000000f bytes, run addr=20000200, run size=00000014 bytes, compression=rle


LINKER GENERATED HANDLER TABLE

__TI_handler_table @ 00000a10 records: 2, size/record: 4, table size: 8
	index: 0, handler: __TI_decompress_rle24
	index: 1, handler: __TI_decompress_none


GLOBAL SYMBOLS: SORTED ALPHABETICALLY BY Name 

address   name                    
-------   ----                    
000007e1  C$$EXIT                 
00000859  GPIODirModeSet          
0000026d  GPIOPadConfigSet        
00000799  GPIOPinConfigure        
00000905  GPIOPinTypePWM          
00000883  PWMGenConfigure         
00000947  PWMGenEnable            
00000929  PWMGenPeriodSet         
00000917  PWMOutputState          
000008a5  PWMPulseWidthSet        
00000953  ResetISR                
UNDEFED   SHT$$INIT_ARRAY$$Base   
UNDEFED   SHT$$INIT_ARRAY$$Limit  
0000039d  SysCtlClockSet          
0000095f  SysCtlDelay             
000008dd  SysCtlPWMClockSet       
00000825  SysCtlPeripheralEnable  
20000200  __STACK_END             
00000200  __STACK_SIZE            
20000200  __STACK_TOP             
00000a18  __TI_CINIT_Base         
00000a20  __TI_CINIT_Limit        
00000a10  __TI_Handler_Table_Base 
00000a18  __TI_Handler_Table_Limit
00000625  __TI_auto_init          
20000208  __TI_cleanup_ptr        
00000939  __TI_decompress_none    
00000965  __TI_decompress_rle24   
2000020c  __TI_dtors_ptr          
00000000  __TI_static_base__      
000005a9  __aeabi_memclr          
000005a9  __aeabi_memclr4         
000005a9  __aeabi_memclr8         
0000048d  __aeabi_memcpy          
0000048d  __aeabi_memcpy4         
0000048d  __aeabi_memcpy8         
000005ab  __aeabi_memset          
000005ab  __aeabi_memset4         
000005ab  __aeabi_memset8         
ffffffff  __binit__               
ffffffff  __c_args__              
20000000  __stack                 
000008c5  _args_main              
000006fd  _c_int00                
20000200  _lock                   
000008ff  _nop                    
000008f7  _register_lock          
000008f1  _register_unlock        
0000096b  _system_pre_init        
20000204  _unlock                 
000007e5  abort                   
ffffffff  binit                   
0000074d  copy_in                 
000007ed  exit                    
00000000  g_pfnVectors            
00000529  main                    
20000210  main_func_sp            
0000048d  memcpy                  
000005b1  memset                  


GLOBAL SYMBOLS: SORTED BY Symbol Address 

address   name                    
-------   ----                    
00000000  __TI_static_base__      
00000000  g_pfnVectors            
00000200  __STACK_SIZE            
0000026d  GPIOPadConfigSet        
0000039d  SysCtlClockSet          
0000048d  __aeabi_memcpy          
0000048d  __aeabi_memcpy4         
0000048d  __aeabi_memcpy8         
0000048d  memcpy                  
00000529  main                    
000005a9  __aeabi_memclr          
000005a9  __aeabi_memclr4         
000005a9  __aeabi_memclr8         
000005ab  __aeabi_memset          
000005ab  __aeabi_memset4         
000005ab  __aeabi_memset8         
000005b1  memset                  
00000625  __TI_auto_init          
000006fd  _c_int00                
0000074d  copy_in                 
00000799  GPIOPinConfigure        
000007e1  C$$EXIT                 
000007e5  abort                   
000007ed  exit                    
00000825  SysCtlPeripheralEnable  
00000859  GPIODirModeSet          
00000883  PWMGenConfigure         
000008a5  PWMPulseWidthSet        
000008c5  _args_main              
000008dd  SysCtlPWMClockSet       
000008f1  _register_unlock        
000008f7  _register_lock          
000008ff  _nop                    
00000905  GPIOPinTypePWM          
00000917  PWMOutputState          
00000929  PWMGenPeriodSet         
00000939  __TI_decompress_none    
00000947  PWMGenEnable            
00000953  ResetISR                
0000095f  SysCtlDelay             
00000965  __TI_decompress_rle24   
0000096b  _system_pre_init        
00000a10  __TI_Handler_Table_Base 
00000a18  __TI_CINIT_Base         
00000a18  __TI_Handler_Table_Limit
00000a20  __TI_CINIT_Limit        
20000000  __stack                 
20000200  __STACK_END             
20000200  __STACK_TOP             
20000200  _lock                   
20000204  _unlock                 
20000208  __TI_cleanup_ptr        
2000020c  __TI_dtors_ptr          
20000210  main_func_sp            
ffffffff  __binit__               
ffffffff  __c_args__              
ffffffff  binit                   
UNDEFED   SHT$$INIT_ARRAY$$Base   
UNDEFED   SHT$$INIT_ARRAY$$Limit  

[59 symbols]
