******************************************************************************
                  TI ARM Linker PC v5.2.5                      
******************************************************************************
>> Linked Thu Dec 08 22:49:28 2016

OUTPUT FILE NAME:   <10_UART_Echo_LP.out>
ENTRY POINT SYMBOL: "_c_int00"  address: 00000b79


MEMORY CONFIGURATION

         name            origin    length      used     unused   attr    fill
----------------------  --------  ---------  --------  --------  ----  --------
  FLASH                 00000000   00040000  00000e80  0003f180  R  X
  SRAM                  20000000   00008000  0000021c  00007de4  RW X


SEGMENT ALLOCATION MAP

run origin  load origin   length   init length attrs members
----------  ----------- ---------- ----------- ----- -------
00000000    00000000    00000e88   00000e88    r-x
  00000000    00000000    0000026c   0000026c    r-- .intvecs
  0000026c    0000026c    00000bc6   00000bc6    r-x .text
  00000e34    00000e34    0000002e   0000002e    r-- .const
  00000e68    00000e68    00000020   00000020    r-- .cinit
20000000    20000000    0000021c   00000000    rw-
  20000000    20000000    00000200   00000000    rw- .stack
  20000200    20000200    0000001c   00000000    rw- .data


SECTION ALLOCATION MAP

 output                                  attributes/
section   page    origin      length       input sections
--------  ----  ----------  ----------   ----------------
.intvecs   0    00000000    0000026c     
                  00000000    0000026c     tm4c123gh6pm_startup_ccs.obj (.intvecs)

.text      0    0000026c    00000bc6     
                  0000026c    000004fc     main.obj (.text)
                  00000768    00000130     driverlib.lib : gpio.obj (.text:GPIOPadConfigSet)
                  00000898    000000f0                   : sysctl.obj (.text:SysCtlClockSet)
                  00000988    0000009c     rtsv7M4_T_le_v4SPD16_eabi.lib : memcpy_t2.obj (.text)
                  00000a24    0000007a                                   : memset_t2.obj (.text)
                  00000a9e    00000002                                   : i_div0.obj (.text)
                  00000aa0    0000006c                                   : autoinit.obj (.text)
                  00000b0c    0000006a                                   : copy_decompress_rle.obj (.text)
                  00000b76    00000002     --HOLE-- [fill = 0]
                  00000b78    00000050                                   : boot.obj (.text)
                  00000bc8    0000004c                                   : cpy_tbl.obj (.text)
                  00000c14    00000044                                   : exit.obj (.text)
                  00000c58    00000042     driverlib.lib : uart.obj (.text:UARTConfigSetExpClk)
                  00000c9a    00000040     rtsv7M4_T_le_v4SPD16_eabi.lib : u_divt2.obj (.text)
                  00000cda    00000002     --HOLE-- [fill = 0]
                  00000cdc    00000038     driverlib.lib : sysctl.obj (.text:SysCtlPeripheralPresent)
                  00000d14    00000034                   : sysctl.obj (.text:SysCtlPeripheralEnable)
                  00000d48    0000002a                   : gpio.obj (.text:GPIODirModeSet)
                  00000d72    00000002     --HOLE-- [fill = 0]
                  00000d74    0000001c                   : uart.obj (.text:UARTDisable)
                  00000d90    00000018     rtsv7M4_T_le_v4SPD16_eabi.lib : args_main.obj (.text)
                  00000da8    00000014     driverlib.lib : uart.obj (.text:UARTEnable)
                  00000dbc    00000014     rtsv7M4_T_le_v4SPD16_eabi.lib : _lock.obj (.text)
                  00000dd0    00000012     driverlib.lib : gpio.obj (.text:GPIOPinTypeUART)
                  00000de2    0000000e     rtsv7M4_T_le_v4SPD16_eabi.lib : copy_decompress_none.obj (.text:decompress:none)
                  00000df0    0000000c     driverlib.lib : uart.obj (.text:UARTCharsAvail)
                  00000dfc    0000000c     tm4c123gh6pm_startup_ccs.obj (.text)
                  00000e08    0000000a     driverlib.lib : uart.obj (.text:UARTCharGet)
                  00000e12    0000000a                   : uart.obj (.text:UARTCharPut)
                  00000e1c    00000006                   : sysctl.obj (.text:SysCtlDelay)
                  00000e22    00000006                   : uart.obj (.text:UARTClockSourceSet)
                  00000e28    00000006     rtsv7M4_T_le_v4SPD16_eabi.lib : copy_decompress_rle.obj (.text:decompress:rle24)
                  00000e2e    00000004                                   : pre_init.obj (.text)

.const     0    00000e34    0000002e     
                  00000e34    0000001c     main.obj (.const)
                  00000e50    00000012     main.obj (.const:.string)

.cinit     0    00000e68    00000020     
                  00000e68    0000000f     (.cinit..data.load) [load image, compression = rle]
                  00000e77    00000001     --HOLE-- [fill = 0]
                  00000e78    00000008     (__TI_handler_table)
                  00000e80    00000008     (__TI_cinit_table)

.init_array 
*          0    00000000    00000000     UNINITIALIZED

.stack     0    20000000    00000200     UNINITIALIZED
                  20000000    00000200     --HOLE--

.data      0    20000200    0000001c     UNINITIALIZED
                  20000200    00000008     rtsv7M4_T_le_v4SPD16_eabi.lib : _lock.obj (.data)
                  20000208    00000008                                   : exit.obj (.data)
                  20000210    00000005     main.obj (.data)
                  20000215    00000003     --HOLE--
                  20000218    00000004     rtsv7M4_T_le_v4SPD16_eabi.lib : stkdepth_vars.obj (.data)

.TI.persistent 
*          0    20000200    00000000     UNINITIALIZED


LINKER GENERATED COPY TABLES

__TI_cinit_table @ 00000e80 records: 1, size/record: 8, table size: 8
	.data: load addr=00000e68, load size=0000000f bytes, run addr=20000200, run size=0000001c bytes, compression=rle


LINKER GENERATED HANDLER TABLE

__TI_handler_table @ 00000e78 records: 2, size/record: 4, table size: 8
	index: 0, handler: __TI_decompress_rle24
	index: 1, handler: __TI_decompress_none


GLOBAL SYMBOLS: SORTED ALPHABETICALLY BY Name 

address   name                    
-------   ----                    
00000c15  C$$EXIT                 
00000d49  GPIODirModeSet          
00000769  GPIOPadConfigSet        
00000dd1  GPIOPinTypeUART         
00000dfd  ResetISR                
UNDEFED   SHT$$INIT_ARRAY$$Base   
UNDEFED   SHT$$INIT_ARRAY$$Limit  
00000899  SysCtlClockSet          
00000e1d  SysCtlDelay             
00000d15  SysCtlPeripheralEnable  
00000cdd  SysCtlPeripheralPresent 
00000e09  UARTCharGet             
00000e13  UARTCharPut             
00000df1  UARTCharsAvail          
00000e23  UARTClockSourceSet      
00000c59  UARTConfigSetExpClk     
00000d75  UARTDisable             
00000da9  UARTEnable              
0000026d  UARTStdioConfig         
000003b3  UARTgetc                
000002f9  UARTgets                
000006d3  UARTprintf              
000003d9  UARTvprintf             
000002b3  UARTwrite               
20000200  __STACK_END             
00000200  __STACK_SIZE            
20000200  __STACK_TOP             
00000e80  __TI_CINIT_Base         
00000e88  __TI_CINIT_Limit        
00000e78  __TI_Handler_Table_Base 
00000e80  __TI_Handler_Table_Limit
00000aa1  __TI_auto_init          
20000208  __TI_cleanup_ptr        
00000de3  __TI_decompress_none    
00000e29  __TI_decompress_rle24   
2000020c  __TI_dtors_ptr          
00000000  __TI_static_base__      
00000a9f  __aeabi_idiv0           
00000a25  __aeabi_memclr          
00000a25  __aeabi_memclr4         
00000a25  __aeabi_memclr8         
00000989  __aeabi_memcpy          
00000989  __aeabi_memcpy4         
00000989  __aeabi_memcpy8         
00000a27  __aeabi_memset          
00000a27  __aeabi_memset4         
00000a27  __aeabi_memset8         
00000c9b  __aeabi_uidiv           
00000c9b  __aeabi_uidivmod        
ffffffff  __binit__               
ffffffff  __c_args__              
20000000  __stack                 
00000d91  _args_main              
00000b79  _c_int00                
20000200  _lock                   
00000dcb  _nop                    
00000dc3  _register_lock          
00000dbd  _register_unlock        
00000e2f  _system_pre_init        
20000204  _unlock                 
00000c19  abort                   
ffffffff  binit                   
00000bc9  copy_in                 
00000c21  exit                    
00000000  g_pfnVectors            
000006f7  main                    
20000218  main_func_sp            
00000989  memcpy                  
00000a2d  memset                  


GLOBAL SYMBOLS: SORTED BY Symbol Address 

address   name                    
-------   ----                    
00000000  __TI_static_base__      
00000000  g_pfnVectors            
00000200  __STACK_SIZE            
0000026d  UARTStdioConfig         
000002b3  UARTwrite               
000002f9  UARTgets                
000003b3  UARTgetc                
000003d9  UARTvprintf             
000006d3  UARTprintf              
000006f7  main                    
00000769  GPIOPadConfigSet        
00000899  SysCtlClockSet          
00000989  __aeabi_memcpy          
00000989  __aeabi_memcpy4         
00000989  __aeabi_memcpy8         
00000989  memcpy                  
00000a25  __aeabi_memclr          
00000a25  __aeabi_memclr4         
00000a25  __aeabi_memclr8         
00000a27  __aeabi_memset          
00000a27  __aeabi_memset4         
00000a27  __aeabi_memset8         
00000a2d  memset                  
00000a9f  __aeabi_idiv0           
00000aa1  __TI_auto_init          
00000b79  _c_int00                
00000bc9  copy_in                 
00000c15  C$$EXIT                 
00000c19  abort                   
00000c21  exit                    
00000c59  UARTConfigSetExpClk     
00000c9b  __aeabi_uidiv           
00000c9b  __aeabi_uidivmod        
00000cdd  SysCtlPeripheralPresent 
00000d15  SysCtlPeripheralEnable  
00000d49  GPIODirModeSet          
00000d75  UARTDisable             
00000d91  _args_main              
00000da9  UARTEnable              
00000dbd  _register_unlock        
00000dc3  _register_lock          
00000dcb  _nop                    
00000dd1  GPIOPinTypeUART         
00000de3  __TI_decompress_none    
00000df1  UARTCharsAvail          
00000dfd  ResetISR                
00000e09  UARTCharGet             
00000e13  UARTCharPut             
00000e1d  SysCtlDelay             
00000e23  UARTClockSourceSet      
00000e29  __TI_decompress_rle24   
00000e2f  _system_pre_init        
00000e78  __TI_Handler_Table_Base 
00000e80  __TI_CINIT_Base         
00000e80  __TI_Handler_Table_Limit
00000e88  __TI_CINIT_Limit        
20000000  __stack                 
20000200  __STACK_END             
20000200  __STACK_TOP             
20000200  _lock                   
20000204  _unlock                 
20000208  __TI_cleanup_ptr        
2000020c  __TI_dtors_ptr          
20000218  main_func_sp            
ffffffff  __binit__               
ffffffff  __c_args__              
ffffffff  binit                   
UNDEFED   SHT$$INIT_ARRAY$$Base   
UNDEFED   SHT$$INIT_ARRAY$$Limit  

[69 symbols]
