******************************************************************************
                  TI ARM Linker PC v5.2.5                      
******************************************************************************
>> Linked Fri Dec 09 10:06:41 2016

OUTPUT FILE NAME:   <12_I2C_PCF8563_RTC_LP.out>
ENTRY POINT SYMBOL: "_c_int00"  address: 00000f89


MEMORY CONFIGURATION

         name            origin    length      used     unused   attr    fill
----------------------  --------  ---------  --------  --------  ----  --------
  FLASH                 00000000   00040000  00001464  0003eb9c  R  X
  SRAM                  20000000   00008000  0000021c  00007de4  RW X


SEGMENT ALLOCATION MAP

run origin  load origin   length   init length attrs members
----------  ----------- ---------- ----------- ----- -------
00000000    00000000    00001468   00001468    r-x
  00000000    00000000    0000026c   0000026c    r-- .intvecs
  0000026c    0000026c    000010ae   000010ae    r-x .text
  0000131c    0000131c    0000012a   0000012a    r-- .const
  00001448    00001448    00000020   00000020    r-- .cinit
20000000    20000000    0000021c   00000000    rw-
  20000000    20000000    00000200   00000000    rw- .stack
  20000200    20000200    0000001c   00000000    rw- .data


SECTION ALLOCATION MAP

 output                                  attributes/
section   page    origin      length       input sections
--------  ----  ----------  ----------   ----------------
.intvecs   0    00000000    0000026c     
                  00000000    0000026c     tm4c123gh6pm_startup_ccs.obj (.intvecs)

.text      0    0000026c    000010ae     
                  0000026c    00000800     main.obj (.text)
                  00000a6c    00000130     driverlib.lib : gpio.obj (.text:GPIOPadConfigSet)
                  00000b9c    0000010c                   : sysctl.obj (.text:SysCtlClockGet)
                  00000ca8    000000f0                   : sysctl.obj (.text:SysCtlClockSet)
                  00000d98    0000009c     rtsv7M4_T_le_v4SPD16_eabi.lib : memcpy_t2.obj (.text)
                  00000e34    0000007a                                   : memset_t2.obj (.text)
                  00000eae    00000002                                   : i_div0.obj (.text)
                  00000eb0    0000006c                                   : autoinit.obj (.text)
                  00000f1c    0000006a                                   : copy_decompress_rle.obj (.text)
                  00000f86    00000002     --HOLE-- [fill = 0]
                  00000f88    00000050                                   : boot.obj (.text)
                  00000fd8    0000004c                                   : cpy_tbl.obj (.text)
                  00001024    00000048     driverlib.lib : gpio.obj (.text:GPIOPinConfigure)
                  0000106c    00000048                   : i2c.obj (.text:I2CMasterInitExpClk)
                  000010b4    00000044     rtsv7M4_T_le_v4SPD16_eabi.lib : exit.obj (.text)
                  000010f8    00000042     driverlib.lib : uart.obj (.text:UARTConfigSetExpClk)
                  0000113a    00000040     rtsv7M4_T_le_v4SPD16_eabi.lib : u_divt2.obj (.text)
                  0000117a    00000002     --HOLE-- [fill = 0]
                  0000117c    00000038     driverlib.lib : sysctl.obj (.text:SysCtlPeripheralPresent)
                  000011b4    00000034                   : sysctl.obj (.text:SysCtlPeripheralEnable)
                  000011e8    0000002a                   : gpio.obj (.text:GPIODirModeSet)
                  00001212    00000002     --HOLE-- [fill = 0]
                  00001214    0000001c                   : uart.obj (.text:UARTDisable)
                  00001230    00000018     rtsv7M4_T_le_v4SPD16_eabi.lib : args_main.obj (.text)
                  00001248    00000014     driverlib.lib : uart.obj (.text:UARTEnable)
                  0000125c    00000014     rtsv7M4_T_le_v4SPD16_eabi.lib : _lock.obj (.text)
                  00001270    00000012     driverlib.lib : gpio.obj (.text:GPIOPinTypeI2C)
                  00001282    00000012                   : gpio.obj (.text:GPIOPinTypeI2CSCL)
                  00001294    00000012                   : gpio.obj (.text:GPIOPinTypeUART)
                  000012a6    0000000e     rtsv7M4_T_le_v4SPD16_eabi.lib : copy_decompress_none.obj (.text:decompress:none)
                  000012b4    0000000c     tm4c123gh6pm_startup_ccs.obj (.text)
                  000012c0    0000000a     driverlib.lib : i2c.obj (.text:I2CMasterDisable)
                  000012ca    0000000a                   : i2c.obj (.text:I2CMasterEnable)
                  000012d4    0000000a                   : uart.obj (.text:UARTCharGet)
                  000012de    0000000a                   : uart.obj (.text:UARTCharPut)
                  000012e8    00000008                   : i2c.obj (.text:I2CMasterBusy)
                  000012f0    00000008                   : i2c.obj (.text:I2CMasterSlaveAddrSet)
                  000012f8    00000006                   : sysctl.obj (.text:SysCtlDelay)
                  000012fe    00000006                   : uart.obj (.text:UARTClockSourceSet)
                  00001304    00000006     rtsv7M4_T_le_v4SPD16_eabi.lib : copy_decompress_rle.obj (.text:decompress:rle24)
                  0000130a    00000004     driverlib.lib : i2c.obj (.text:I2CMasterControl)
                  0000130e    00000004                   : i2c.obj (.text:I2CMasterDataGet)
                  00001312    00000004                   : i2c.obj (.text:I2CMasterDataPut)
                  00001316    00000004     rtsv7M4_T_le_v4SPD16_eabi.lib : pre_init.obj (.text)

.const     0    0000131c    0000012a     
                  0000131c    00000090     driverlib.lib : gpio.obj (.const:g_pui32GPIOBaseAddrs)
                  000013ac    0000006c                   : sysctl.obj (.const:g_pui32Xtals)
                  00001418    0000001c     main.obj (.const)
                  00001434    00000012     main.obj (.const:.string)

.cinit     0    00001448    00000020     
                  00001448    0000000f     (.cinit..data.load) [load image, compression = rle]
                  00001457    00000001     --HOLE-- [fill = 0]
                  00001458    00000008     (__TI_handler_table)
                  00001460    00000008     (__TI_cinit_table)

.init_array 
*          0    00000000    00000000     UNINITIALIZED

.stack     0    20000000    00000200     UNINITIALIZED
                  20000000    00000200     --HOLE--

.data      0    20000200    0000001c     UNINITIALIZED
                  20000200    00000008     rtsv7M4_T_le_v4SPD16_eabi.lib : _lock.obj (.data)
                  20000208    00000008                                   : exit.obj (.data)
                  20000210    00000005     main.obj (.data)
                  20000215    00000003     --HOLE--
                  20000218    00000004     rtsv7M4_T_le_v4SPD16_eabi.lib : stkdepth_vars.obj (.data)

.TI.persistent 
*          0    20000200    00000000     UNINITIALIZED


LINKER GENERATED COPY TABLES

__TI_cinit_table @ 00001460 records: 1, size/record: 8, table size: 8
	.data: load addr=00001448, load size=0000000f bytes, run addr=20000200, run size=0000001c bytes, compression=rle


LINKER GENERATED HANDLER TABLE

__TI_handler_table @ 00001458 records: 2, size/record: 4, table size: 8
	index: 0, handler: __TI_decompress_rle24
	index: 1, handler: __TI_decompress_none


GLOBAL SYMBOLS: SORTED ALPHABETICALLY BY Name 

address   name                    
-------   ----                    
00000991  BcdToDec                
000010b5  C$$EXIT                 
000009c3  DecToBcd                
000011e9  GPIODirModeSet          
00000a6d  GPIOPadConfigSet        
00001025  GPIOPinConfigure        
00001271  GPIOPinTypeI2C          
00001283  GPIOPinTypeI2CSCL       
00001295  GPIOPinTypeUART         
000012e9  I2CMasterBusy           
0000130b  I2CMasterControl        
0000130f  I2CMasterDataGet        
00001313  I2CMasterDataPut        
000012c1  I2CMasterDisable        
000012cb  I2CMasterEnable         
0000106d  I2CMasterInitExpClk     
000012f1  I2CMasterSlaveAddrSet   
00000963  InitConsole             
000012b5  ResetISR                
UNDEFED   SHT$$INIT_ARRAY$$Base   
UNDEFED   SHT$$INIT_ARRAY$$Limit  
00000b9d  SysCtlClockGet          
00000ca9  SysCtlClockSet          
000012f9  SysCtlDelay             
000011b5  SysCtlPeripheralEnable  
0000117d  SysCtlPeripheralPresent 
000012d5  UARTCharGet             
000012df  UARTCharPut             
000012ff  UARTClockSourceSet      
000010f9  UARTConfigSetExpClk     
00001215  UARTDisable             
00001249  UARTEnable              
0000026d  UARTStdioConfig         
000003b3  UARTgetc                
000002f9  UARTgets                
000006d3  UARTprintf              
000003d9  UARTvprintf             
000002b3  UARTwrite               
20000200  __STACK_END             
00000200  __STACK_SIZE            
20000200  __STACK_TOP             
00001460  __TI_CINIT_Base         
00001468  __TI_CINIT_Limit        
00001458  __TI_Handler_Table_Base 
00001460  __TI_Handler_Table_Limit
00000eb1  __TI_auto_init          
20000208  __TI_cleanup_ptr        
000012a7  __TI_decompress_none    
00001305  __TI_decompress_rle24   
2000020c  __TI_dtors_ptr          
00000000  __TI_static_base__      
00000eaf  __aeabi_idiv0           
00000e35  __aeabi_memclr          
00000e35  __aeabi_memclr4         
00000e35  __aeabi_memclr8         
00000d99  __aeabi_memcpy          
00000d99  __aeabi_memcpy4         
00000d99  __aeabi_memcpy8         
00000e37  __aeabi_memset          
00000e37  __aeabi_memset4         
00000e37  __aeabi_memset8         
0000113b  __aeabi_uidiv           
0000113b  __aeabi_uidivmod        
ffffffff  __binit__               
ffffffff  __c_args__              
20000000  __stack                 
00001231  _args_main              
00000f89  _c_int00                
20000200  _lock                   
0000126b  _nop                    
00001263  _register_lock          
0000125d  _register_unlock        
00001317  _system_pre_init        
20000204  _unlock                 
000010b9  abort                   
ffffffff  binit                   
00000fd9  copy_in                 
000010c1  exit                    
00000000  g_pfnVectors            
00000701  main                    
20000218  main_func_sp            
00000d99  memcpy                  
00000e3d  memset                  


GLOBAL SYMBOLS: SORTED BY Symbol Address 

address   name                    
-------   ----                    
00000000  __TI_static_base__      
00000000  g_pfnVectors            
00000200  __STACK_SIZE            
0000026d  UARTStdioConfig         
000002b3  UARTwrite               
000002f9  UARTgets                
000003b3  UARTgetc                
000003d9  UARTvprintf             
000006d3  UARTprintf              
00000701  main                    
00000963  InitConsole             
00000991  BcdToDec                
000009c3  DecToBcd                
00000a6d  GPIOPadConfigSet        
00000b9d  SysCtlClockGet          
00000ca9  SysCtlClockSet          
00000d99  __aeabi_memcpy          
00000d99  __aeabi_memcpy4         
00000d99  __aeabi_memcpy8         
00000d99  memcpy                  
00000e35  __aeabi_memclr          
00000e35  __aeabi_memclr4         
00000e35  __aeabi_memclr8         
00000e37  __aeabi_memset          
00000e37  __aeabi_memset4         
00000e37  __aeabi_memset8         
00000e3d  memset                  
00000eaf  __aeabi_idiv0           
00000eb1  __TI_auto_init          
00000f89  _c_int00                
00000fd9  copy_in                 
00001025  GPIOPinConfigure        
0000106d  I2CMasterInitExpClk     
000010b5  C$$EXIT                 
000010b9  abort                   
000010c1  exit                    
000010f9  UARTConfigSetExpClk     
0000113b  __aeabi_uidiv           
0000113b  __aeabi_uidivmod        
0000117d  SysCtlPeripheralPresent 
000011b5  SysCtlPeripheralEnable  
000011e9  GPIODirModeSet          
00001215  UARTDisable             
00001231  _args_main              
00001249  UARTEnable              
0000125d  _register_unlock        
00001263  _register_lock          
0000126b  _nop                    
00001271  GPIOPinTypeI2C          
00001283  GPIOPinTypeI2CSCL       
00001295  GPIOPinTypeUART         
000012a7  __TI_decompress_none    
000012b5  ResetISR                
000012c1  I2CMasterDisable        
000012cb  I2CMasterEnable         
000012d5  UARTCharGet             
000012df  UARTCharPut             
000012e9  I2CMasterBusy           
000012f1  I2CMasterSlaveAddrSet   
000012f9  SysCtlDelay             
000012ff  UARTClockSourceSet      
00001305  __TI_decompress_rle24   
0000130b  I2CMasterControl        
0000130f  I2CMasterDataGet        
00001313  I2CMasterDataPut        
00001317  _system_pre_init        
00001458  __TI_Handler_Table_Base 
00001460  __TI_CINIT_Base         
00001460  __TI_Handler_Table_Limit
00001468  __TI_CINIT_Limit        
20000000  __stack                 
20000200  __STACK_END             
20000200  __STACK_TOP             
20000200  _lock                   
20000204  _unlock                 
20000208  __TI_cleanup_ptr        
2000020c  __TI_dtors_ptr          
20000218  main_func_sp            
ffffffff  __binit__               
ffffffff  __c_args__              
ffffffff  binit                   
UNDEFED   SHT$$INIT_ARRAY$$Base   
UNDEFED   SHT$$INIT_ARRAY$$Limit  

[83 symbols]
